// Jest Snapshot v1, https://goo.gl/fbAQLP

exports[` 1`] = `
<div
  class="astroCalendarContainer"
>
  <div
    class="astroCalendarNavigationContainer"
  >
    <svg
      fill="currentColor"
      height="1em"
      stroke="currentColor"
      stroke-width="0"
      tabindex="0"
      viewBox="0 0 512 512"
      width="1em"
      xmlns="http://www.w3.org/2000/svg"
    >
      <path
        d="M328 112L184 256l144 144"
        fill="none"
        stroke-linecap="square"
        stroke-miterlimit="10"
        stroke-width="48"
      />
    </svg>
    <div
      class="astroCalendarNavigationMonth"
    >
      June 2019
    </div>
    <svg
      fill="currentColor"
      height="1em"
      stroke="currentColor"
      stroke-width="0"
      tabindex="0"
      viewBox="0 0 512 512"
      width="1em"
      xmlns="http://www.w3.org/2000/svg"
    >
      <path
        d="M184 112l144 144-144 144"
        fill="none"
        stroke-linecap="square"
        stroke-miterlimit="10"
        stroke-width="48"
      />
    </svg>
  </div>
  <div
    class="astroCalendarHeaderContainer"
  >
    <div
      class="astroCalendarHeaderLabel"
    >
      Sun
    </div>
    <div
      class="astroCalendarHeaderLabel"
    >
      Mon
    </div>
    <div
      class="astroCalendarHeaderLabel"
    >
      Tue
    </div>
    <div
      class="astroCalendarHeaderLabel"
    >
      Wed
    </div>
    <div
      class="astroCalendarHeaderLabel"
    >
      Thu
    </div>
    <div
      class="astroCalendarHeaderLabel"
    >
      Fri
    </div>
    <div
      class="astroCalendarHeaderLabel"
    >
      Sat
    </div>
  </div>
  <div
    class="astroCalendarBodyContainer"
  >
    <div
      class="astroCalendarDay"
    />
    <div
      class="astroCalendarDay"
    />
    <div
      class="astroCalendarDay"
    />
    <div
      class="astroCalendarDay"
    />
    <div
      class="astroCalendarDay"
    />
    <div
      class="astroCalendarDay"
    />
    <div
      class="astroCalendarDay"
      tabindex="-1"
    >
      1
    </div>
    <div
      class="astroCalendarDay"
      tabindex="-1"
    >
      2
    </div>
    <div
      class="astroCalendarDay"
      tabindex="-1"
    >
      3
    </div>
    <div
      class="astroCalendarDay"
      tabindex="-1"
    >
      4
    </div>
    <div
      class="astroCalendarDay"
      tabindex="-1"
    >
      5
    </div>
    <div
      class="astroCalendarDay"
      tabindex="-1"
    >
      6
    </div>
    <div
      class="astroCalendarDay"
      tabindex="-1"
    >
      7
    </div>
    <div
      class="astroCalendarDay"
      tabindex="-1"
    >
      8
    </div>
    <div
      class="astroCalendarDay"
      tabindex="0"
    >
      9
    </div>
    <div
      class="astroCalendarDay"
      tabindex="-1"
    >
      10
    </div>
    <div
      class="astroCalendarDay"
      tabindex="-1"
    >
      11
    </div>
    <div
      class="astroCalendarDay"
      tabindex="-1"
    >
      12
    </div>
    <div
      class="astroCalendarDay"
      tabindex="-1"
    >
      13
    </div>
    <div
      class="astroCalendarDay"
      tabindex="-1"
    >
      14
    </div>
    <div
      class="astroCalendarDay"
      tabindex="-1"
    >
      15
    </div>
    <div
      class="astroCalendarDay"
      tabindex="-1"
    >
      16
    </div>
    <div
      class="astroCalendarDay"
      tabindex="-1"
    >
      17
    </div>
    <div
      class="astroCalendarDay"
      tabindex="-1"
    >
      18
    </div>
    <div
      class="astroCalendarDay"
      tabindex="-1"
    >
      19
    </div>
    <div
      class="astroCalendarDay"
      tabindex="-1"
    >
      20
    </div>
    <div
      class="astroCalendarDay"
      tabindex="-1"
    >
      21
    </div>
    <div
      class="astroCalendarDay"
      tabindex="-1"
    >
      22
    </div>
    <div
      class="astroCalendarDay"
      tabindex="-1"
    >
      23
    </div>
    <div
      class="astroCalendarDay"
      tabindex="-1"
    >
      24
    </div>
    <div
      class="astroCalendarDay"
      tabindex="-1"
    >
      25
    </div>
    <div
      class="astroCalendarDay"
      tabindex="-1"
    >
      26
    </div>
    <div
      class="astroCalendarDay"
      tabindex="-1"
    >
      27
    </div>
    <div
      class="astroCalendarDay"
      tabindex="-1"
    >
      28
    </div>
    <div
      class="astroCalendarDay"
      tabindex="-1"
    >
      29
    </div>
    <div
      class="astroCalendarDay"
      tabindex="-1"
    >
      30
    </div>
    <div
      class="astroCalendarDay"
    />
    <div
      class="astroCalendarDay"
    />
    <div
      class="astroCalendarDay"
    />
    <div
      class="astroCalendarDay"
    />
    <div
      class="astroCalendarDay"
    />
    <div
      class="astroCalendarDay"
    />
  </div>
</div>
`;
