// Jest Snapshot v1, https://goo.gl/fbAQLP

exports[`AstroPopover Should render component correctly. 1`] = `
<div
  class="astroPopoverContainer"
>
  <button>
    Button
  </button>
  <div
    class="astroPopover bottom"
    style="bottom: -4px;"
  >
    Popover
  </div>
</div>
`;
