// Jest Snapshot v1, https://goo.gl/fbAQLP

exports[`AstroMenu Should render component correctly. 1`] = `
<div
  class="container"
>
  <button
    class="astroButton medium primary"
    role="button"
    tabindex="0"
    type="button"
  >
    Trigger
  </button>
  <div
    class="astroMenuLayoutContainer"
    style="transform: translate3d(0px, 0px, 0);"
  >
    <div
      class="astroMenuContainer"
      role="menu"
    >
      <div
        class="astroMenuItemContainer"
        role="menuitem"
        tabindex="0"
      >
        One
      </div>
    </div>
  </div>
</div>
`;
