// Jest Snapshot v1, https://goo.gl/fbAQLP

exports[`Alert Should render component correctly. 1`] = `
<div
  class="alertContainer error"
>
  <div>
    <div
      class="alertTitleContainer"
    >
      <div
        class="alertIcon"
      >
        <svg
          color="red"
          fill="currentColor"
          height="1em"
          stroke="currentColor"
          stroke-width="0"
          style="color: red;"
          viewBox="0 0 24 24"
          width="1em"
          xmlns="http://www.w3.org/2000/svg"
        >
          <path
            d="M12 22c4.879 0 9-4.121 9-9s-4.121-9-9-9-9 4.121-9 9 4.121 9 9 9zm0-16c3.794 0 7 3.206 7 7s-3.206 7-7 7-7-3.206-7-7 3.206-7 7-7zm5.284-2.293 1.412-1.416 3.01 3-1.413 1.417zM5.282 2.294 6.7 3.706l-2.99 3-1.417-1.413z"
          />
          <path
            d="M11 9h2v5h-2zm0 6h2v2h-2z"
          />
        </svg>
      </div>
      <div
        class="alertTitle error typography typographyh2 primary bold"
      >
        ERROR
      </div>
    </div>
    <div
      class="typography typographyh3 secondary normal"
    >
      This is an alert!
    </div>
  </div>
</div>
`;
