// Jest Snapshot v1, https://goo.gl/fbAQLP

exports[`Backdrop Should render component correctly. 1`] = `
<div
  class="backdrop"
/>
`;
