// Jest Snapshot v1, https://goo.gl/fbAQLP

exports[`ButtonSet Should render component correctly. 1`] = `
<ul
  class="buttonSet"
  role="list"
>
  <li
    class="buttonSetItem"
    role="listitem"
  >
    <button
      class="button medium primary"
      type="button"
    >
      <div
        class="container"
        role="presentation"
      />
      <div
        class="typography typography typographyh2 primary normal"
      >
        Button
      </div>
    </button>
  </li>
  <li
    class="buttonSetItem"
    role="listitem"
  >
    <button
      class="button medium primary"
      type="button"
    >
      <div
        class="container"
        role="presentation"
      />
      <div
        class="typography typography typographyh2 primary normal"
      >
        Button
      </div>
    </button>
  </li>
  <li
    class="buttonSetItem"
    role="listitem"
  >
    <button
      class="button medium primary"
      type="button"
    >
      <div
        class="container"
        role="presentation"
      />
      <div
        class="typography typography typographyh2 primary normal"
      >
        Button
      </div>
    </button>
  </li>
</ul>
`;
