// Jest Snapshot v1, https://goo.gl/fbAQLP

exports[`Switch Should render component correctly. 1`] = `
<div
  class="container"
>
  <button
    aria-label="Icon Button"
    class="isChecked iconButton medium secondary"
    role="checkbox"
  >
    <div
      class="container"
      role="presentation"
    />
    <svg
      fill="currentColor"
      height="22"
      stroke="currentColor"
      stroke-width="0"
      viewBox="0 0 24 24"
      width="22"
      xmlns="http://www.w3.org/2000/svg"
    >
      <path
        d="M0 0h24v24H0z"
        fill="none"
      />
      <path
        d="M19 3H5a2 2 0 00-2 2v14a2 2 0 002 2h14a2 2 0 002-2V5a2 2 0 00-2-2zm-9 14l-5-5 1.41-1.41L10 14.17l7.59-7.59L19 8l-9 9z"
      />
    </svg>
  </button>
  <div
    class="checked typography typographyh2 secondary normal"
  >
    Checkbox
  </div>
</div>
`;
