// Jest Snapshot v1, https://goo.gl/fbAQLP

exports[`Dialog Should render component correctly. 1`] = `
<button
  class="button medium primary"
  role="button"
  tabindex="0"
  type="button"
>
  <div
    class="container"
    role="presentation"
  />
  <div
    class="typography typography typographyh2 primary normal"
  >
    Trigger
  </div>
</button>
`;
