// Jest Snapshot v1, https://goo.gl/fbAQLP

exports[`Ripple Should render component corectly. 1`] = `
<div
  class="container"
  role="presentation"
/>
`;
