// Jest Snapshot v1, https://goo.gl/fbAQLP

exports[`Select Should render component correctly. 1`] = `
<div
  class="selectContainer"
>
  <div
    class="selectInput"
  >
    <div
      style="color: gray;"
    />
  </div>
  <button
    aria-label="Chevron Down"
    class="selectIcon iconButton medium primary"
  >
    <div
      class="container"
      role="presentation"
    />
    <svg
      fill="currentColor"
      height="22"
      stroke="currentColor"
      stroke-width="0"
      viewBox="0 0 512 512"
      width="22"
      xmlns="http://www.w3.org/2000/svg"
    >
      <path
        d="M128 192l128 128 128-128z"
      />
    </svg>
  </button>
</div>
`;
